---
date: 2026-02-25
knowledge_files: 1
knowledge_kb: 0
decisions: 0
runbooks: 0
tools: 7
failures_logged: 0
debriefs: 0
projects: 0
contacts: 0
workflows: 0
preferences: 1
archive_files: 8
principles: 8
core_files: 7
cron_jobs: 2
infra_entries: 00
---
date: 2026-02-26
knowledge_files: 1
knowledge_kb: 0
decisions: 0
runbooks: 0
tools: 7
failures_logged: 0
debriefs: 0
projects: 0
contacts: 0
workflows: 0
preferences: 1
archive_files: 8
principles: 8
core_files: 7
cron_jobs: 2
infra_entries: 00
---
date: 2026-02-27
knowledge_files: 4
knowledge_kb: 3
decisions: 2
runbooks: 0
tools: 7
failures_logged: 0
debriefs: 0
projects: 2
contacts: 0
workflows: 0
preferences: 1
archive_files: 9
principles: 8
core_files: 7
cron_jobs: 2
infra_entries: 00
